   ▲ Next.js 15.5.22

   Creating an optimized production build ...
 ✓ Compiled successfully in 3.0s
   Linting and checking validity of types ...
   Collecting page data ...
   Generating static pages (0/8) ...
   Generating static pages (2/8) 
   Generating static pages (4/8) 
   Generating static pages (6/8) 
 ✓ Generating static pages (8/8)
   Finalizing page optimization ...
   Collecting build traces ...

Route (app)                                 Size  First Load JS
┌ ƒ /                                     2.2 kB         108 kB
├ ○ /_not-found                            993 B         104 kB
├ ƒ /[variant]                           3.08 kB         109 kB
├ ƒ /api/fusion                            142 B         103 kB
├ ƒ /api/og                                142 B         103 kB
├ ƒ /api/pokemon/[name]                    142 B         103 kB
├ ƒ /api/pokemon/random                    142 B         103 kB
├ ƒ /api/variant                           142 B         103 kB
├ ƒ /api/wheel                             142 B         103 kB
├ ƒ /by/[region]                         2.61 kB         109 kB
├ ƒ /card                                2.16 kB         108 kB
├ ƒ /challenge                           4.34 kB         110 kB
├ ○ /disclaimer                            162 B         106 kB
├ ƒ /fusion                              3.22 kB         109 kB
├ ƒ /gen/[n]                             2.61 kB         109 kB
├ ƒ /random                               2.2 kB         108 kB
├ ƒ /random-pokemon-generator             2.2 kB         108 kB
├ ○ /robots.txt                            142 B         103 kB
├ ○ /sitemap.xml                           142 B         103 kB
├ ƒ /team                                3.04 kB         109 kB
├ ƒ /type/[type]                         2.61 kB         109 kB
└ ƒ /wheel                               3.49 kB         109 kB
+ First Load JS shared by all             103 kB
  ├ chunks/255-3d881dfa8c72bc56.js       46.3 kB
  ├ chunks/4bd1b696-c023c6e3521b1417.js  54.2 kB
  └ other shared chunks (total)          1.99 kB


○  (Static)   prerendered as static content
ƒ  (Dynamic)  server-rendered on demand

